
Play next
List all albums
List all songs
View album
View album
View album
Create album
List all albums
Add song to album
View album
Add song to album
View album
Create album
Add song to album
View album
Add song to album
View album
Add song to album
View album
View album
Add song to album
View album
View album
View album
View album
View album
Add song to album
View album
Add song to album
View album
Create album
Add song to album
View album
Add song to playlist
View playlist
Play current
Remove song from playlist
View playlist
Delete album
List albums
List songs
List albums
View album
List songs
Add song to playlist
View playlist
Remove song from playlist
View playlist
List albums
List songs
View album
View album
Create album
List albums
Delete album
List albums
Add song to album
View playlist
Play current
Add song to playlist
View playlist
Play current
View playlist
Add song to playlist
View playlist
Play current
Play next
Play current
Play next
Remove song from playlist
View playlist
Show command history
View playlist
Add album to playlist
View playlist
Add song to album
Add song to playlist
View playlist
Play current
Play next
Remove song from playlist
Play current
Play next
Play next
Play next
Add song to playlist
View playlist
Play current
Play next
Remove song from playlist
Play current
Play next
Show command history
List albums
List songs
View album
View album
Delete song from album
View album
Delete album
List albums
Create new song
List songs
Play current
View playlist
Add song to playlist
Play current
Play next
Add song to playlist
View playlist
Play current
Play next
Show command history
